// Jest Snapshot v1, https://goo.gl/fbAQLP

exports[`<Main /> should render the heading 1`] = `
<main>
  <h1>
    Typescript template
  </h1>
  <h2>
    TypeScript, ReactJS, NextJS e CSS modules
  </h2>
  <img
    alt="A developer"
    src="/img/hero-illustration.svg"
  />
</main>
`;
